[    0.000000] Initializing cgroup subsys cpuset
[    0.000000] Initializing cgroup subsys cpu
[    0.000000] Initializing cgroup subsys cpuacct
[    0.000000] Linux version 4.4.0-78-generic (buildd@lgw01-11) (gcc version 5.4.0 20160609 (Ubuntu 5.4.0-6ubuntu1~16.04.4) ) #99-Ubuntu SMP Thu Apr 27 15:29:09 UTC 2017 (Ubuntu 4.4.0-78.99-generic 4.4.62)
[    0.000000] Command line: BOOT_IMAGE=/boot/vmlinuz-4.4.0-78-generic root=UUID=f53af1c0-423f-4345-a0b4-939608892a62 ro console=tty1 console=ttyS0
[    0.000000] KERNEL supported cpus:
[    0.000000]   Intel GenuineIntel
[    0.000000]   AMD AuthenticAMD
[    0.000000]   Centaur CentaurHauls
[    0.000000] x86/fpu: xstate_offset[2]:  576, xstate_sizes[2]:  256
[    0.000000] x86/fpu: Supporting XSAVE feature 0x01: 'x87 floating point registers'
[    0.000000] x86/fpu: Supporting XSAVE feature 0x02: 'SSE registers'
[    0.000000] x86/fpu: Supporting XSAVE feature 0x04: 'AVX registers'
[    0.000000] x86/fpu: Enabled xstate features 0x7, context size is 832 bytes, using 'standard' format.
[    0.000000] x86/fpu: Using 'lazy' FPU context switches.
[    0.000000] e820: BIOS-provided physical RAM map:
[    0.000000] BIOS-e820: [mem 0x0000000000000000-0x000000000009fbff] usable
[    0.000000] BIOS-e820: [mem 0x000000000009fc00-0x000000000009ffff] reserved
[    0.000000] BIOS-e820: [mem 0x00000000000f0000-0x00000000000fffff] reserved
[    0.000000] BIOS-e820: [mem 0x0000000000100000-0x000000007ffeffff] usable
[    0.000000] BIOS-e820: [mem 0x000000007fff0000-0x000000007fffffff] ACPI data
[    0.000000] BIOS-e820: [mem 0x00000000fec00000-0x00000000fec00fff] reserved
[    0.000000] BIOS-e820: [mem 0x00000000fee00000-0x00000000fee00fff] reserved
[    0.000000] BIOS-e820: [mem 0x00000000fffc0000-0x00000000ffffffff] reserved
[    0.000000] NX (Execute Disable) protection: active
[    0.000000] SMBIOS 2.5 present.
[    0.000000] Hypervisor detected: KVM
[    0.000000] e820: last_pfn = 0x7fff0 max_arch_pfn = 0x400000000
[    0.000000] MTRR: Disabled
[    0.000000] x86/PAT: MTRRs disabled, skipping PAT initialization too.
[    0.000000] x86/PAT: Configuration [0-7]: WB  WT  UC- UC  WB  WT  UC- UC  
[    0.000000] CPU MTRRs all blank - virtualized system.
[    0.000000] found SMP MP-table at [mem 0x0009fff0-0x0009ffff] mapped at [ffff88000009fff0]
[    0.000000] Scanning 1 areas for low memory corruption
[    0.000000] RAMDISK: [mem 0x36238000-0x37113fff]
[    0.000000] ACPI: Early table checksum verification disabled
[    0.000000] ACPI: RSDP 0x00000000000E0000 000024 (v02 VBOX  )
[    0.000000] ACPI: XSDT 0x000000007FFF0030 00003C (v01 VBOX   VBOXXSDT 00000001 ASL  00000061)
[    0.000000] ACPI: FACP 0x000000007FFF00F0 0000F4 (v04 VBOX   VBOXFACP 00000001 ASL  00000061)
[    0.000000] ACPI: DSDT 0x000000007FFF0470 00210F (v01 VBOX   VBOXBIOS 00000002 INTL 20160108)
[    0.000000] ACPI: FACS 0x000000007FFF0200 000040
[    0.000000] ACPI: FACS 0x000000007FFF0200 000040
[    0.000000] ACPI: APIC 0x000000007FFF0240 00005C (v02 VBOX   VBOXAPIC 00000001 ASL  00000061)
[    0.000000] ACPI: SSDT 0x000000007FFF02A0 0001CC (v01 VBOX   VBOXCPUT 00000002 INTL 20160108)
[    0.000000] No NUMA configuration found
[    0.000000] Faking a node at [mem 0x0000000000000000-0x000000007ffeffff]
[    0.000000] NODE_DATA(0) allocated [mem 0x7ffeb000-0x7ffeffff]
[    0.000000] kvm-clock: Using msrs 4b564d01 and 4b564d00
[    0.000000] kvm-clock: cpu 0, msr 0:7ffe3001, primary cpu clock
[    0.000000] kvm-clock: using sched offset of 3386397820 cycles
[    0.000000] clocksource: kvm-clock: mask: 0xffffffffffffffff max_cycles: 0x1cd42e4dffb, max_idle_ns: 881590591483 ns
[    0.000000] Zone ranges:
[    0.000000]   DMA      [mem 0x0000000000001000-0x0000000000ffffff]
[    0.000000]   DMA32    [mem 0x0000000001000000-0x000000007ffeffff]
[    0.000000]   Normal   empty
[    0.000000]   Device   empty
[    0.000000] Movable zone start for each node
[    0.000000] Early memory node ranges
[    0.000000]   node   0: [mem 0x0000000000001000-0x000000000009efff]
[    0.000000]   node   0: [mem 0x0000000000100000-0x000000007ffeffff]
[    0.000000] Initmem setup node 0 [mem 0x0000000000001000-0x000000007ffeffff]
[    0.000000] ACPI: PM-Timer IO Port: 0x4008
[    0.000000] IOAPIC[0]: apic_id 2, version 32, address 0xfec00000, GSI 0-23
[    0.000000] ACPI: INT_SRC_OVR (bus 0 bus_irq 0 global_irq 2 dfl dfl)
[    0.000000] ACPI: INT_SRC_OVR (bus 0 bus_irq 9 global_irq 9 high level)
[    0.000000] Using ACPI (MADT) for SMP configuration information
[    0.000000] smpboot: Allowing 2 CPUs, 0 hotplug CPUs
[    0.000000] PM: Registered nosave memory: [mem 0x00000000-0x00000fff]
[    0.000000] PM: Registered nosave memory: [mem 0x0009f000-0x0009ffff]
[    0.000000] PM: Registered nosave memory: [mem 0x000a0000-0x000effff]
[    0.000000] PM: Registered nosave memory: [mem 0x000f0000-0x000fffff]
[    0.000000] e820: [mem 0x80000000-0xfebfffff] available for PCI devices
[    0.000000] Booting paravirtualized kernel on KVM
[    0.000000] clocksource: refined-jiffies: mask: 0xffffffff max_cycles: 0xffffffff, max_idle_ns: 7645519600211568 ns
[    0.000000] setup_percpu: NR_CPUS:512 nr_cpumask_bits:512 nr_cpu_ids:2 nr_node_ids:1
[    0.000000] PERCPU: Embedded 33 pages/cpu @ffff88007fc00000 s98264 r8192 d28712 u1048576
[    0.000000] PV qspinlock hash table entries: 256 (order: 0, 4096 bytes)
[    0.000000] Built 1 zonelists in Node order, mobility grouping on.  Total pages: 515961
[    0.000000] Policy zone: DMA32
[    0.000000] Kernel command line: BOOT_IMAGE=/boot/vmlinuz-4.4.0-78-generic root=UUID=f53af1c0-423f-4345-a0b4-939608892a62 ro console=tty1 console=ttyS0
[    0.000000] PID hash table entries: 4096 (order: 3, 32768 bytes)
[    0.000000] Memory: 2029556K/2096696K available (8469K kernel code, 1294K rwdata, 3984K rodata, 1484K init, 1316K bss, 67140K reserved, 0K cma-reserved)
[    0.000000] SLUB: HWalign=64, Order=0-3, MinObjects=0, CPUs=2, Nodes=1
[    0.000000] Hierarchical RCU implementation.
[    0.000000] 	Build-time adjustment of leaf fanout to 64.
[    0.000000] 	RCU restricting CPUs from NR_CPUS=512 to nr_cpu_ids=2.
[    0.000000] RCU: Adjusting geometry for rcu_fanout_leaf=64, nr_cpu_ids=2
[    0.000000] NR_IRQS:33024 nr_irqs:440 16
[    0.000000] Console: colour VGA+ 80x25
[    0.000000] console [tty1] enabled
[    0.000000] console [ttyS0] enabled
[    0.000000] tsc: Detected 2194.922 MHz processor
[    0.493262] Calibrating delay loop (skipped) preset value.. 4389.84 BogoMIPS (lpj=8779688)
[    0.502100] pid_max: default: 32768 minimum: 301
[    0.509934] ACPI: Core revision 20150930
[    0.523388] ACPI: 2 ACPI AML tables successfully acquired and loaded
[    0.558833] Security Framework initialized
[    0.564975] Yama: becoming mindful.
[    0.576675] AppArmor: AppArmor initialized
[    0.589602] Dentry cache hash table entries: 262144 (order: 9, 2097152 bytes)
[    0.597245] Inode-cache hash table entries: 131072 (order: 8, 1048576 bytes)
[    0.604500] Mount-cache hash table entries: 4096 (order: 3, 32768 bytes)
[    0.611490] Mountpoint-cache hash table entries: 4096 (order: 3, 32768 bytes)
[    0.615357] Initializing cgroup subsys io
[    0.621802] Initializing cgroup subsys memory
[    0.631790] Initializing cgroup subsys devices
[    0.641363] Initializing cgroup subsys freezer
[    0.666666] Initializing cgroup subsys net_cls
[    0.711013] Initializing cgroup subsys perf_event
[    0.720812] Initializing cgroup subsys net_prio
[    0.739774] Initializing cgroup subsys hugetlb
[    0.742148] Initializing cgroup subsys pids
[    0.744552] CPU: Physical Processor ID: 0
[    0.750983] CPU: Processor Core ID: 0
[    0.756133] mce: CPU supports 0 MCE banks
[    0.769570] Last level iTLB entries: 4KB 64, 2MB 8, 4MB 8
[    0.779650] Last level dTLB entries: 4KB 64, 2MB 0, 4MB 0, 1GB 4
[    0.823603] Freeing SMP alternatives memory: 32K (ffffffff820b8000 - ffffffff820c0000)
[    0.882253] ftrace: allocating 32120 entries in 126 pages
[    1.017307] smpboot: APIC(0) Converting physical 0 to logical package 0
[    1.027925] smpboot: Max logical packages: 1
[    1.032282] x2apic enabled
[    1.034119] Switched APIC routing to physical x2apic.
[    1.038088] ..TIMER: vector=0x30 apic1=0 pin1=2 apic2=-1 pin2=-1
[    1.148009] smpboot: CPU0: Intel(R) Core(TM) i5-5200U CPU @ 2.20GHz (family: 0x6, model: 0x3d, stepping: 0x4)
[    1.152176] Performance Events: unsupported p6 CPU model 61 no PMU driver, software events only.
[    1.156303] KVM setup paravirtual spinlock
[    1.161201] x86: Booting SMP configuration:
[    1.163793] .... node  #0, CPUs:      #1
[    1.165545] kvm-clock: cpu 1, msr 0:7ffe3041, secondary cpu clock
[    1.172360] mce: CPU supports 0 MCE banks
[    1.192713] x86: Booted up 1 node, 2 CPUs
[    1.195801] smpboot: Total of 2 processors activated (8779.68 BogoMIPS)
[    1.201896] devtmpfs: initialized
[    1.207558] evm: security.selinux
[    1.209033] evm: security.SMACK64
[    1.211104] evm: security.SMACK64EXEC
[    1.213367] evm: security.SMACK64TRANSMUTE
[    1.215947] evm: security.SMACK64MMAP
[    1.218225] evm: security.ima
[    1.220454] evm: security.capability
[    1.223107] clocksource: jiffies: mask: 0xffffffff max_cycles: 0xffffffff, max_idle_ns: 7645041785100000 ns
[    1.228365] futex hash table entries: 512 (order: 3, 32768 bytes)
[    1.251879] pinctrl core: initialized pinctrl subsystem
[    1.273392] RTC time: 11:09:34, date: 06/05/17
[    1.284747] NET: Registered protocol family 16
[    1.300738] cpuidle: using governor ladder
[    1.316026] cpuidle: using governor menu
[    1.322520] PCCT header not found.
[    1.323639] ACPI: bus type PCI registered
[    1.324834] acpiphp: ACPI Hot Plug PCI Controller Driver version: 0.5
[    1.331934] PCI: Using configuration type 1 for base access
[    1.357071] ACPI: Added _OSI(Module Device)
[    1.363573] ACPI: Added _OSI(Processor Device)
[    1.370316] ACPI: Added _OSI(3.0 _SCP Extensions)
[    1.381295] ACPI: Added _OSI(Processor Aggregator Device)
[    1.383701] ACPI: Executed 1 blocks of module-level executable AML code
[    1.427242] ACPI: Interpreter enabled
[    1.441351] ACPI: (supports S0 S5)
[    1.446033] ACPI: Using IOAPIC for interrupt routing
[    1.456715] PCI: Using host bridge windows from ACPI; if necessary, use "pci=nocrs" and report a bug
[    1.470938] ACPI: PCI Root Bridge [PCI0] (domain 0000 [bus 00-ff])
[    1.477868] acpi PNP0A03:00: _OSC: OS supports [ASPM ClockPM Segments MSI]
[    1.507982] acpi PNP0A03:00: _OSC failed (AE_NOT_FOUND); disabling ASPM
[    1.515004] acpi PNP0A03:00: fail to add MMCONFIG information, can't access extended PCI configuration space under this bridge.
[    1.523589] PCI host bridge to bus 0000:00
[    1.555358] pci_bus 0000:00: root bus resource [io  0x0000-0x0cf7 window]
[    1.572654] pci_bus 0000:00: root bus resource [io  0x0d00-0xffff window]
[    1.589501] pci_bus 0000:00: root bus resource [mem 0x000a0000-0x000bffff window]
[    1.607462] pci_bus 0000:00: root bus resource [mem 0x80000000-0xffdfffff window]
[    1.621141] pci_bus 0000:00: root bus resource [bus 00-ff]
[    1.634035] pci 0000:00:01.1: legacy IDE quirk: reg 0x10: [io  0x01f0-0x01f7]
[    1.652546] pci 0000:00:01.1: legacy IDE quirk: reg 0x14: [io  0x03f6]
[    1.661027] pci 0000:00:01.1: legacy IDE quirk: reg 0x18: [io  0x0170-0x0177]
[    1.676719] pci 0000:00:01.1: legacy IDE quirk: reg 0x1c: [io  0x0376]
[    1.752049] pci 0000:00:07.0: quirk: [io  0x4000-0x403f] claimed by PIIX4 ACPI
[    1.768634] pci 0000:00:07.0: quirk: [io  0x4100-0x410f] claimed by PIIX4 SMB
[    1.789634] ACPI: PCI Interrupt Link [LNKA] (IRQs 5 9 10 *11)
[    1.817353] ACPI: PCI Interrupt Link [LNKB] (IRQs 5 9 10 *11)
[    1.824285] ACPI: PCI Interrupt Link [LNKC] (IRQs 5 9 *10 11)
[    1.831730] ACPI: PCI Interrupt Link [LNKD] (IRQs 5 *9 10 11)
[    1.861739] ACPI: Enabled 2 GPEs in block 00 to 07
[    1.872006] vgaarb: setting as boot device: PCI:0000:00:02.0
[    1.883786] vgaarb: device added: PCI:0000:00:02.0,decodes=io+mem,owns=io+mem,locks=none
[    1.893339] vgaarb: loaded
[    1.899901] vgaarb: bridge control possible 0000:00:02.0
[    1.903518] SCSI subsystem initialized
[    1.910006] ACPI: bus type USB registered
[    1.927078] usbcore: registered new interface driver usbfs
[    1.942553] usbcore: registered new interface driver hub
[    1.952268] usbcore: registered new device driver usb
[    1.959073] PCI: Using ACPI for IRQ routing
[    1.961701] NetLabel: Initializing
[    1.967844] NetLabel:  domain hash size = 128
[    1.970217] NetLabel:  protocols = UNLABELED CIPSOv4
[    1.988686] NetLabel:  unlabeled traffic allowed by default
[    1.995420] amd_nb: Cannot enumerate AMD northbridges
[    2.007526] clocksource: Switched to clocksource kvm-clock
[    2.025334] AppArmor: AppArmor Filesystem Enabled
[    2.032020] pnp: PnP ACPI init
[    2.040073] pnp: PnP ACPI: found 3 devices
[    2.061011] clocksource: acpi_pm: mask: 0xffffff max_cycles: 0xffffff, max_idle_ns: 2085701024 ns
[    2.106161] NET: Registered protocol family 2
[    2.119774] TCP established hash table entries: 16384 (order: 5, 131072 bytes)
[    2.127057] TCP bind hash table entries: 16384 (order: 6, 262144 bytes)
[    2.162167] TCP: Hash tables configured (established 16384 bind 16384)
[    2.172962] UDP hash table entries: 1024 (order: 3, 32768 bytes)
[    2.196694] UDP-Lite hash table entries: 1024 (order: 3, 32768 bytes)
[    2.202196] NET: Registered protocol family 1
[    2.209015] pci 0000:00:00.0: Limiting direct PCI/PCI transfers
[    2.215935] pci 0000:00:01.0: Activating ISA DMA hang workarounds
[    2.223728] Unpacking initramfs...
[    2.551476] Freeing initrd memory: 15216K (ffff880036238000 - ffff880037114000)
[    2.558829] RAPL PMU detected, API unit is 2^-32 Joules, 4 fixed counters 10737418240 ms ovfl timer
[    2.588455] hw unit of domain pp0-core 2^-0 Joules
[    2.599690] hw unit of domain package 2^-0 Joules
[    2.601360] hw unit of domain dram 2^-0 Joules
[    2.602890] hw unit of domain pp1-gpu 2^-0 Joules
[    2.604779] platform rtc_cmos: registered platform RTC device (no PNP device found)
[    2.609261] Scanning for low memory corruption every 60 seconds
[    2.611998] audit: initializing netlink subsys (disabled)
[    2.640087] audit: type=2000 audit(1496660979.713:1): initialized
[    2.656094] Initialise system trusted keyring
[    2.662813] HugeTLB registered 2 MB page size, pre-allocated 0 pages
[    2.672544] zbud: loaded
[    2.679174] VFS: Disk quotas dquot_6.6.0
[    2.685627] VFS: Dquot-cache hash table entries: 512 (order 0, 4096 bytes)
[    2.697892] squashfs: version 4.0 (2009/01/31) Phillip Lougher
[    2.704941] fuse init (API version 7.23)
[    2.711440] Key type big_key registered
[    2.717695] Allocating IMA MOK and blacklist keyrings.
[    2.722101] Key type asymmetric registered
[    2.747210] Asymmetric key parser 'x509' registered
[    2.753955] Block layer SCSI generic (bsg) driver version 0.4 loaded (major 249)
[    2.778729] io scheduler noop registered
[    2.811153] io scheduler deadline registered (default)
[    2.813359] io scheduler cfq registered
[    2.821852] pci_hotplug: PCI Hot Plug PCI Core version: 0.5
[    2.834404] pciehp: PCI Express Hot Plug Controller Driver version: 0.4
[    2.844833] ACPI: AC Adapter [AC] (on-line)
[    2.853557] input: Power Button as /devices/LNXSYSTM:00/LNXPWRBN:00/input/input0
[    2.856939] ACPI: Power Button [PWRF]
[    2.870064] input: Sleep Button as /devices/LNXSYSTM:00/LNXSLPBN:00/input/input1
[    2.878407] ACPI: Sleep Button [SLPF]
[    2.888842] GHES: HEST is not enabled!
[    2.889649] ACPI: Battery Slot [BAT0] (battery present)
[    2.917823] Serial: 8250/16550 driver, 32 ports, IRQ sharing enabled
[    2.949312] 00:02: ttyS0 at I/O 0x3f8 (irq = 4, base_baud = 115200) is a 16550A
[    2.956519] Linux agpgart interface v0.103
[    3.015193] loop: module loaded
[    3.024457] scsi host0: ata_piix
[    3.034401] scsi host1: ata_piix
[    3.040858] ata1: PATA max UDMA/33 cmd 0x1f0 ctl 0x3f6 bmdma 0xd000 irq 14
[    3.053324] ata2: PATA max UDMA/33 cmd 0x170 ctl 0x376 bmdma 0xd008 irq 15
[    3.058599] libphy: Fixed MDIO Bus: probed
[    3.095959] tun: Universal TUN/TAP device driver, 1.6
[    3.116990] tun: (C) 1999-2004 Max Krasnyansky <maxk@qualcomm.com>
[    3.136521] PPP generic driver version 2.4.2
[    3.167901] ehci_hcd: USB 2.0 'Enhanced' Host Controller (EHCI) Driver
[    3.230841] ehci-pci: EHCI PCI platform driver
[    3.253990] ehci-platform: EHCI generic platform driver
[    3.280126] ohci_hcd: USB 1.1 'Open' Host Controller (OHCI) Driver
[    3.395318] ohci-pci: OHCI PCI platform driver
[    3.441827] ohci-platform: OHCI generic platform driver
[    3.442851] uhci_hcd: USB Universal Host Controller Interface driver
[    3.444084] i8042: PNP: PS/2 Controller [PNP0303:PS2K,PNP0f03:PS2M] at 0x60,0x64 irq 1,12
[    3.453726] serio: i8042 KBD port at 0x60,0x64 irq 1
[    3.455841] serio: i8042 AUX port at 0x60,0x64 irq 12
[    3.462668] mousedev: PS/2 mouse device common for all mice
[    3.506985] input: AT Translated Set 2 keyboard as /devices/platform/i8042/serio0/input/input2
[    3.526271] rtc_cmos rtc_cmos: rtc core: registered rtc_cmos as rtc0
[    3.605354] tsc: Refined TSC clocksource calibration: 2195.880 MHz
[    3.605356] clocksource: tsc: mask: 0xffffffffffffffff max_cycles: 0x1fa6ff058a4, max_idle_ns: 440795278046 ns
[    4.327095] rtc_cmos rtc_cmos: alarms up to one day, 114 bytes nvram
[    4.381616] i2c /dev entries driver
[    4.431130] device-mapper: uevent: version 1.0.3
[    4.486701] device-mapper: ioctl: 4.34.0-ioctl (2015-10-28) initialised: dm-devel@redhat.com
[    4.490162] ledtrig-cpu: registered to indicate activity on CPUs
[    4.506815] NET: Registered protocol family 10
[    4.509447] NET: Registered protocol family 17
[    4.765868] Key type dns_resolver registered
[    4.926437] microcode: CPU0 sig=0x306d4, pf=0x40, revision=0x0
[    4.950943] microcode: CPU1 sig=0x306d4, pf=0x40, revision=0x0
[    4.996362] microcode: Microcode Update Driver: v2.01 <tigran@aivazian.fsnet.co.uk>, Peter Oruba
[    4.998034] registered taskstats version 1
[    4.998805] Loading compiled-in X.509 certificates
[    5.196542] Loaded X.509 cert 'Build time autogenerated kernel key: 779fd75203f0d36b99b83c7328fac831ec7adf9e'
[    5.210923] zswap: loaded using pool lzo/zbud
[    5.387915] Key type trusted registered
[    5.489494] Key type encrypted registered
[    5.506212] AppArmor: AppArmor sha1 policy hashing enabled
[    5.706724] ima: No TPM chip found, activating TPM-bypass!
[    5.846231] evm: HMAC attrs: 0x1
[    5.857236]   Magic number: 5:157:175
[    6.035852] misc network_throughput: hash matches
[    6.076301] rtc_cmos rtc_cmos: setting system clock to 2017-06-05 11:09:39 UTC (1496660979)
[    6.097036] BIOS EDD facility v0.16 2004-Jun-25, 0 devices found
[    6.098025] EDD information not available.
[    6.100446] Freeing unused kernel memory: 1484K (ffffffff81f45000 - ffffffff820b8000)
[    6.256734] Write protecting the kernel read-only data: 14336k
[    6.396683] Freeing unused kernel memory: 1760K (ffff880001848000 - ffff880001a00000)
[    6.417005] Freeing unused kernel memory: 112K (ffff880001de4000 - ffff880001e00000)
Loading, please wait...
starting version[    6.430500] random: systemd-udevd: uninitialized urandom read (16 bytes read, 7 bits of entropy available)
 229
[    6.431295] random: udevadm: uninitialized urandom read (16 bytes read, 7 bits of entropy available)
[    6.431348] random: udevadm: uninitialized urandom read (16 bytes read, 7 bits of entropy available)
[    6.431505] random: udevadm: uninitialized urandom read (16 bytes read, 7 bits of entropy available)
[    6.431562] random: udevadm: uninitialized urandom read (16 bytes read, 7 bits of entropy available)
[    6.431671] random: udevadm: uninitialized urandom read (16 bytes read, 7 bits of entropy available)
[    6.431746] random: udevadm: uninitialized urandom read (16 bytes read, 7 bits of entropy available)
[    6.431806] random: udevadm: uninitialized urandom read (16 bytes read, 7 bits of entropy available)
[    6.431860] random: udevadm: uninitialized urandom read (16 bytes read, 7 bits of entropy available)
[    6.431914] random: udevadm: uninitialized urandom read (16 bytes read, 7 bits of entropy available)
[    6.644434] e1000: Intel(R) PRO/1000 Network Driver - version 7.3.21-k8-NAPI
[    6.676677] e1000: Copyright (c) 1999-2006 Intel Corporation.
[    6.680121] Fusion MPT base driver 3.04.20
[    6.707140] Copyright (c) 1999-2008 LSI Corporation
[    6.758772] Fusion MPT SPI Host driver 3.04.20
[    6.765792] AVX version of gcm_enc/dec engaged.
[    6.767676] AES CTR mode by8 optimization enabled
[    7.006288] input: ImExPS/2 Generic Explorer Mouse as /devices/platform/i8042/serio1/input/input4
[    7.083135] e1000 0000:00:03.0 eth0: (PCI:33MHz:32-bit) 02:03:81:8c:20:c6
[    7.096445] e1000 0000:00:03.0 eth0: Intel(R) PRO/1000 Network Connection
[    7.098896] e1000 0000:00:03.0 enp0s3: renamed from eth0
[    7.103584] mptbase: ioc0: Initiating bringup
[    7.167810] ioc0: LSI53C1030 A0: Capabilities={Initiator}
[    7.437598] scsi host2: ioc0: LSI53C1030 A0, FwRev=00000000h, Ports=1, MaxQ=256, IRQ=20
[    7.648043] scsi 2:0:0:0: Direct-Access     VBOX     HARDDISK         1.0  PQ: 0 ANSI: 5
[    7.677948] scsi target2:0:0: Beginning Domain Validation
[    7.679462] scsi target2:0:0: Domain Validation skipping write tests
[    7.697185] scsi target2:0:0: Ending Domain Validation
[    7.698117] scsi target2:0:0: asynchronous
[    7.699153] scsi 2:0:1:0: Direct-Access     VBOX     HARDDISK         1.0  PQ: 0 ANSI: 5
[    7.763029] scsi target2:0:1: Beginning Domain Validation
[    7.764540] scsi target2:0:1: Domain Validation skipping write tests
[    7.765551] scsi target2:0:1: Ending Domain Validation
[    7.766481] scsi target2:0:1: asynchronous
[    7.771500] sd 2:0:0:0: Attached scsi generic sg0 type 0
[    7.877320] sd 2:0:0:0: [sda] 20971520 512-byte logical blocks: (10.7 GB/10.0 GiB)
[    8.076496] sd 2:0:1:0: [sdb] 20480 512-byte logical blocks: (10.5 MB/10.0 MiB)
[    8.090085] sd 2:0:1:0: Attached scsi generic sg1 type 0
[    8.092265] sd 2:0:0:0: [sda] Write Protect is off
[    8.093336] sd 2:0:0:0: [sda] Incomplete mode parameter data
[    8.093444] sd 2:0:1:0: [sdb] Write Protect is off
[    8.093513] sd 2:0:1:0: [sdb] Incomplete mode parameter data
[    8.093514] sd 2:0:1:0: [sdb] Assuming drive cache: write through
[    8.527689] sd 2:0:1:0: [sdb] Attached SCSI disk
[    9.676163] sd 2:0:0:0: [sda] Assuming drive cache: write through
[    9.678505]  sda: sda1
[    9.866612] sd 2:0:0:0: [sda] Attached SCSI disk
[    9.869018] floppy0: no floppy controllers found
[    9.869054] work still pending
Begin: Loading e[   11.384725] md: linear personality registered for level -1
ssential drivers ... [   11.488063] md: multipath personality registered for level -4
[   11.500908] md: raid0 personality registered for level 0
[   11.580018] md: raid1 personality registered for level 1
[   11.767572] raid6: sse2x1   gen()  8310 MB/s
[   11.907570] raid6: sse2x1   xor()  6254 MB/s
[   12.019583] raid6: sse2x2   gen()  9308 MB/s
[   12.093888] raid6: sse2x2   xor()  6705 MB/s
[   12.167572] raid6: sse2x4   gen()  9278 MB/s
[   12.255561] raid6: sse2x4   xor()  8279 MB/s
[   12.261459] raid6: using algorithm sse2x2 gen() 9308 MB/s
[   12.267742] raid6: .... xor() 6705 MB/s, rmw enabled
[   12.273976] raid6: using ssse3x2 recovery algorithm
[   12.280205] xor: automatically using best checksumming function:
[   12.435239]    avx       : 42038.000 MB/sec
[   12.578364] async_tx: api initialized (async)
[   12.645318] md: raid6 personality registered for level 6
[   12.681678] md: raid5 personality registered for level 5
[   12.688833] md: raid4 personality registered for level 4
[   12.698417] md: raid10 personality registered for level 10
done.
Begin: Running /scripts/init-premount ... done.
Begin: Mounting root file system ... Begin: Running /scripts/local-top ... done.
Begin: Running[   12.785554] Btrfs loaded
 /scripts/local-premount ... Scanning for Btrfs filesystems
don[   12.819509] EXT4-fs (sda1): INFO: recovery required on readonly filesystem
e.
Warning: fsck not present, so skipping root file system
[   12.992792] EXT4-fs (sda1): write access will be enabled during recovery
[   13.054820] EXT4-fs (sda1): recovery complete
[   13.096898] EXT4-fs (sda1): mounted filesystem with ordered data mode. Opts: (null)
done.
Begin: Running /scripts/local-bottom ... done.
Begin: Running /scripts/init-bottom ... done.
[   13.195800] systemd[1]: systemd 229 running in system mode. (+PAM +AUDIT +SELINUX +IMA +APPARMOR +SMACK +SYSVINIT +UTMP +LIBCRYPTSETUP +GCRYPT +GNUTLS +ACL +XZ -LZ4 +SECCOMP +BLKID +ELFUTILS +KMOD -IDN)
[   13.246717] systemd[1]: Detected virtualization oracle.
[   13.248822] systemd[1]: Detected architecture x86-64.

Welcome to [1mUbuntu 16.04.2 LTS[0m!

[   13.254459] systemd[1]: Set hostname to <ubuntu-xenial>.
[   13.412679] random: nonblocking pool is initialized
[   13.454641] systemd[1]: Listening on LVM2 poll daemon socket.
[[0;32m  OK  [0m] Listening on LVM2 poll daemon socket.
[   13.515993] systemd[1]: Listening on udev Control Socket.
[[0;32m  OK  [0m] Listening on udev Control Socket.
[   13.542324] systemd[1]: Started Forward Password Requests to Wall Directory Watch.
[[0;32m  OK  [0m] Started Forward Password Requests to Wall Directory Watch.
[   13.559917] systemd[1]: Set up automount Arbitrary Executable File Formats File System Automount Point.
[[0;32m  OK  [0m] Set up automount Arbitrary Executab...ats File System Automount Point.
[   13.574870] systemd[1]: Reached target User and Group Name Lookups.
[[0;32m  OK  [0m] Reached target User and Group Name Lookups.
[   13.579826] systemd[1]: Reached target Encrypted Volumes.
[[0;32m  OK  [0m] Reached target Encrypted Volumes.
[   13.582484] systemd[1]: Created slice User and Session Slice.
[[0;32m  OK  [0m] Created slice User and Session Slice.
[   13.596651] systemd[1]: Listening on Syslog Socket.
[[0;32m  OK  [0m] Listening on Syslog Socket.
[   13.615508] systemd[1]: Listening on /dev/initctl Compatibility Named Pipe.
[[0;32m  OK  [0m] Listening on /dev/initctl Compatibility Named Pipe.
[   13.618297] systemd[1]: Reached target Swap.
[[0;32m  OK  [0m] Reached target Swap.
[   13.665417] systemd[1]: Listening on Journal Socket.
[[0;32m  OK  [0m] Listening on Journal Socket.
[   13.670701] systemd[1]: Listening on Journal Socket (/dev/log).
[[0;32m  OK  [0m] Listening on Journal Socket (/dev/log).
[   13.674160] systemd[1]: Listening on Journal Audit Socket.
[[0;32m  OK  [0m] Listening on Journal Audit Socket.
[   13.722699] systemd[1]: Listening on LVM2 metadata daemon socket.
[[0;32m  OK  [0m] Listening on LVM2 metadata daemon socket.
[   13.726185] systemd[1]: Listening on udev Kernel Socket.
[[0;32m  OK  [0m] Listening on udev Kernel Socket.
[   13.745561] systemd[1]: Listening on Device-mapper event daemon FIFOs.
[[0;32m  OK  [0m] Listening on Device-mapper event daemon FIFOs.
[   13.754332] systemd[1]: Created slice System Slice.
[[0;32m  OK  [0m] Created slice System Slice.
[   13.771760] systemd[1]: Mounting Debug File System...
         Mounting Debug File System...
[   13.799784] systemd[1]: Reached target Slices.
[[0;32m  OK  [0m] Reached target Slices.
[   13.939691] systemd[1]: Starting Nameserver information manager...
         Starting Nameserver information manager...
[   14.046655] systemd[1]: Starting Load Kernel Modules...
         [   14.096165] Loading iSCSI transport class v2.0-870.
Starting Load Kernel Modules...
[   14.316891] systemd[1]: Mounting Huge Pages File System...
         Mounting Huge Pa[   14.367689] iscsi: registered transport (tcp)
ges File System...
[   14.436505] systemd[1]: Created slice system-serial\x2dgetty.slice.
[[0;32m  OK  [0m] Created slice system-serial\x2dgetty.slice.
[   14.483188] iscsi: registered transport (iser)
[   14.507685] systemd[1]: Mounting POSIX Message Queue File System...
         Mounting POSIX Message Queue File System...
[   14.528466] systemd[1]: Starting Monitoring of LVM2 mirrors, snapshots etc. using dmeventd or progress polling...
         Starting Monitoring of LVM2 mirrors... dmeventd or progress polling...
[   14.755698] systemd[1]: Starting Remount Root and Kernel File Systems...
         Starting Remount Root and Kernel File Systems...
[   14.784431] systemd[1]: Starting Journal Service...
[   14.796345] EXT4-fs (sda1): re-mounted. Opts: (null)
         Starting Journal Service...
[   14.877308] systemd[1]: Starting Set console keymap...
         Starting Set console keymap...
[   14.898636] systemd[1]: Starting Uncomplicated firewall...
         Starting Uncomplicated firewall...
[   14.923672] systemd[1]: Starting Create list of required static device nodes for the current kernel...
         Starting Create list of required st... nodes for the current kernel...
[   14.960562] systemd[1]: Mounted Debug File System.
[[0;32m  OK  [0m] Mounted Debug File System.
[   14.973289] systemd[1]: Mounted Huge Pages File System.
[[0;32m  OK  [0m] Mounted Huge Pages File System.
[   15.001241] systemd[1]: Mounted POSIX Message Queue File System.
[[0;32m  OK  [0m] Mounted POSIX Message Queue File System.
[   15.017674] systemd[1]: Started Journal Service.
[[0;32m  OK  [0m] Started Journal Service.
[[0;32m  OK  [0m] Started Load Kernel Modules.
[[0;32m  OK  [0m] Started Remount Root and Kernel File Systems.
[[0;32m  OK  [0m] Started Set console keymap.
[[0;32m  OK  [0m] Started Uncomplicated firewall.
[[0;32m  OK  [0m] Started Create list of required sta...ce nodes for the current kernel.
[[0;32m  OK  [0m] Started Nameserver information manager.
[[0;32m  OK  [0m] Started LVM2 metadata daemon.
         Starting Create Static Device Nodes in /dev...
         Starting Load/Save Random Seed...
         Starting Initial cloud-init job (pre-networking)...
         Starting udev Coldplug all Devices...
         Mounting FUSE Control File System...
         Starting Apply Kernel Variables...
         Starting Flush Journal to Persistent Storage...
[[0;32m  OK  [0m] Mounted FUSE Control File System.
[[0;32m  OK  [0m] Started Create Static Device Nodes in /dev.
[[0;32m  OK  [0m] Started Load/Save Random Seed.
[[0;32m  OK  [0m] Started Apply Kernel Variables.
[[0;32m  OK  [0m] Started udev Coldplug all Devices.
[[0;32m  OK  [0m] Started Flush Journal to Persistent Storage.
         Starting udev Kernel Device Manager...
[[0;32m  OK  [0m] Started udev Kernel Device Manager.
[[0;32m  OK  [0m] Started Dispatch Password Requests to Console Directory Watch.
[[0;32m  OK  [0m] Started Monitoring of LVM2 mirrors,...ng dmeventd or progress polling.
[[0;32m  OK  [0m] Found device /dev/ttyS0.
[[0;32m  OK  [0m] Reached target Local File Systems (Pre).
[[0;32m  OK  [0m] Reached target Local File Systems.
         Starting Set console font and keymap...
         Starting Tell Plymouth To Write Out Runtime Data...
[   14.773086] cloud-init[461]: Cloud-init v. 0.7.9 running 'init-local' at Mon, 05 Jun 2017 11:09:49 +0000. Up 14.46 seconds.
         Starting Create Volatile Files and Directories...
         Starting LSB: AppArmor initialization...
[[0;32m  OK  [0m] Started Set console font and keymap.
[[0;32m  OK  [0m] Started Tell Plymouth To Write Out Runtime Data.
[[0;32m  OK  [0m] Started Create Volatile Files and Directories.
[[0;32m  OK  [0m] Started Initial cloud-init job (pre-networking).
[[0;32m  OK  [0m] Listening on Load/Save RF Kill Switch Status /dev/rfkill Watch.
[[0;32m  OK  [0m] Reached target Network (Pre).
         Starting Update UTMP about System Boot/Shutdown...
[[0;32m  OK  [0m] Reached target System Time Synchronized.
[[0;32m  OK  [0m] Created slice system-getty.slice.
[[0;32m  OK  [0m] Started Update UTMP about System Boot/Shutdown.
[[0;32m  OK  [0m] Started LSB: AppArmor initialization.
[[0;32m  OK  [0m] Started ifup for enp0s3.
         Starting Raise network interfaces...
[[0;32m  OK  [0m] Started Raise network interfaces.
[[0;32m  OK  [0m] Reached target Network.
         Starting Initial cloud-init job (metadata service crawler)...
[   18.051357] cloud-init[968]: Cloud-init v. 0.7.9 running 'init' at Mon, 05 Jun 2017 11:09:52 +0000. Up 17.75 seconds.
[   18.092902] cloud-init[968]: ci-info: +++++++++++++++++++++++++++++++++++++Net device info+++++++++++++++++++++++++++++++++++++
[   18.111943] [cloud-init[0;32m  OK  [0m[968]: ] ci-info: +--------+------+---------------------------+---------------+-------+-------------------+Started Initial cloud-init job (metadata service crawler).

[   18.112324] cloud-init[968]: ci-info: | Device |  Up  |          Address          |      Mask     | Scope |     Hw-Address    |
[   18.179209] [[0;32m  OK  [0m] Reached target System Initialization.
[[0;32m  OK  [0m] Started Trigger resolvconf update for networkd DNS.
         Starting Socket activation for snappy daemon.
cloud-init[968]: ci-info: +--------+------+---------------------------+---------------+-------+-------------------+
[   18.199154] [[0;32m  OK  [0m] Started Daily apt activities.
cloud-init[968]:          Starting LXD - unix socket.
[[0;32m  OK  [0m] Listening on ACPID Listen Socket.
ci-info: |   lo   | True |         127.0.0.1         |   255.0.0.0   |   .   |         .         |[[0;32m  OK  [0m] Started Daily Cleanup of Temporary Directories.
[[0;32m  OK  [0m] Listening on D-Bus System Message Bus Socket.

[   18.209599] [cloud-init[0;32m  OK  [0m[968]: ] ci-info: |   lo   | True |          ::1/128          |       .       |  host |         .         |Started ACPI Events Check.

[   18.210000] [cloud-init[0;32m  OK  [0m[968]: ] ci-info: | enp0s3 | True |         10.0.2.15         | 255.255.255.0 |   .   | 02:03:81:8c:20:c6 |Reached target Paths.

[[0;32m  OK  [0m] Started Timer to automatically refresh installed snaps.
[[0;32m  OK  [0m] Reached target Timers.
[   18.278908] cloud-init[968]: ci-info: | enp0s3 | True | fe80::3:81ff:fe8c:20c6/64 |       .       |  link | 02:03:81:8c:20:c6 |
[   18.342221] [cloud-init[0;32m  OK  [0m[968]: ] ci-info: +--------+------+---------------------------+---------------+-------+-------------------+Listening on UUID daemon activation socket.

[   18.342616] [[0;32m  OK  [0m] Reached target Cloud-config availability.
[[0;32m  OK  [0m] Reached target Network is Online.cloud-init
[968]: ci-info: +++++++++++++++++++++++++++Route IPv4 info++++++++++++++++++++++++++++
[   18.371600]          cloud-initStarting iSCSI initiator daemon (iscsid)...[968]: 
ci-info: +-------+-------------+----------+---------------+-----------+-------+
[   18.374647] [cloud-init[0;32m  OK  [0m[968]: ] ci-info: | Route | Destination | Gateway  |    Genmask    | Interface | Flags |Listening on Socket activation for snappy daemon.

[   18.375143] [[0;32m  OK  [0m] Listening on LXD - unix socket.
cloud-init[968]: ci-info: +-------+-------------+----------+---------------+-----------+-------+
[   18.400297] cloud-init[968]: ci-info: |   0   |   0.0.0.0   | 10.0.2.2 |    0.0.0.0    |   enp0s3  |   UG  |
[   18.413969] cloud-init[968]: ci-info: |   1   |   10.0.2.0  | 0.0.0.0  | 255.255.255.0 |   enp0s3  |   U   |
[   18.439129] cloud-init[968]: ci-info: +-------+-------------+----------+---------------+-----------+-------+
[[0;32m  OK  [0m] Started iSCSI initiator daemon (iscsid).
         Starting Login to default iSCSI targets...
[[0;32m  OK  [0m] Reached target Sockets.
[[0;32m  OK  [0m] Reached target Basic System.
[[0;32m  OK  [0m] Started Deferred execution scheduler.
         Starting /etc/rc.local Compatibility...
[[0;32m  OK  [0m] Started FUSE filesystem for LXC.
         Starting LXD - container startup/shutdown...
[[0;32m  OK  [0m] Started D-Bus System Message Bus.
         Starting Accounts Service...
         Starting LSB: MD monitoring daemon...
[[0;32m  OK  [0m] Started Regular background program processing daemon.
         Starting System Logging Service...
         Starting LSB: Record successful boot for GRUB...
         Starting OpenBSD Secure Shell server...
         Starting Apply the settings specified in cloud-config...
         Starting Daily apt activities...
         Starting Login Service...
[[0;32m  OK  [0m] Started ACPI event daemon.
[[0;32m  OK  [0m] Started Snappy daemon.
         Starting Auto import assertions from block devices...
[[0;32m  OK  [0m] Started System Logging Service.
[[0;32m  OK  [0m] Started OpenBSD Secure Shell server.
[[0;32m  OK  [0m] Started /etc/rc.local Compatibility.
[[0;32m  OK  [0m] Started LXD - container startup/shutdown.
[[0;32m  OK  [0m] Started Auto import assertions from block devices.
[   19.378879] cloud-init[1068]: Cloud-init v. 0.7.9 running 'modules:config' at Mon, 05 Jun 2017 11:09:54 +0000. Up 19.23 seconds.
[[0;32m  OK  [0m] Started Login to default iSCSI targets.
[[0;32m  OK  [0m] Started Apply the settings specified in cloud-config.
[[0;32m  OK  [0m] Started LSB: MD monitoring daemon.
[[0;32m  OK  [0m] Started LSB: Record successful boot for GRUB.
         Starting Authenticate and Authorize Users to Run Privileged Tasks...
[[0;32m  OK  [0m] Reached target Remote File Systems (Pre).
[[0;32m  OK  [0m] Reached target Remote File Systems.
         Starting LSB: VirtualBox Linux Additions...
         Starting Permit User Sessions...
         Starting LSB: automatic crash report generation...
         Starting LSB: daemon to balance interrupts for SMP systems...
         Starting LSB: Set the CPU Frequency Scaling governor to "ondemand"...
[[0;32m  OK  [0m] Started Permit User Sessions.
[[0;32m  OK  [0m] Started Login Service.
[[0;32m  OK  [0m] Started Authenticate and Authorize Users to Run Privileged Tasks.
[[0;32m  OK  [0m] Started Accounts Service.
[[0;32m  OK  [0m] Created slice User Slice of ubuntu.
[[0;32m  OK  [0m] Started Session 1 of user ubuntu.
         Starting User Manager for UID 1000...
         Starting Terminate Plymouth Boot Screen...
         Starting Hold until boot process finishes up...
[[0;32m  OK  [0m] Started User Manager for UID 1000.
[[0;32m  OK  [0m] Started LSB: VirtualBox Linux Additions.
[[0;32m  OK  [0m] Started LSB: automatic crash report generation.
[[0;32m  OK  [0m] Started LSB: daemon to balance interrupts for SMP systems.
[[0;32m  OK  [0m] Started LSB: Set the CPU Frequency Scaling governor to "ondemand".
[[0;32m  OK  [0m] Started Terminate Plymouth Boot Screen.
[[0;32m  OK  [0m] Started Hold until boot process finishes up.
         Starting Set console scheme...
[[0;32m  OK  [0m] Started Getty on tty1.
[[0;32m  OK  [0m] Started Serial Getty on ttyS0.
[[0;32m  OK  [0m] Reached target Login Prompts.
[[0;32m  OK  [0m] Reached target Multi-User System.
         Starting Execute cloud user/final scripts...
[[0;32m  OK  [0m] Reached target Graphical Interface.
         Starting Update UTMP about System Runlevel Changes...
[[0;32m  OK  [0m] Started Set console scheme.
[[0;32m  OK  [0m] Started Update UTMP about System Runlevel Changes.
[   21.488565] cloud-init[1446]: Cloud-init v. 0.7.9 running 'modules:final' at Mon, 05 Jun 2017 11:09:57 +0000. Up 21.25 seconds.
[   21.504332] cloud-init[1446]: Cloud-init v. 0.7.9 finished at Mon, 05 Jun 2017 11:09:57 +0000. Datasource DataSourceNoCloud [seed=/dev/sdb][dsmode=net].  Up 21.45 seconds
[[0;32m  OK  [0m] Started Execute cloud user/final scripts.
[[0;32m  OK  [0m] Reached target Cloud-init target.
         Stopping User Manager for UID 1000...
[[0;32m  OK  [0m] Stopped User Manager for UID 1000.
[[0;32m  OK  [0m] Removed slice User Slice of ubuntu.

Ubuntu 16.04.2 LTS ubuntu-xenial ttyS0

ubuntu-xenial login: 